<html>
<body>
<pre>
<h1>µVision Build Log</h1>
<h2>Project:</h2>
C:\Users\Asus\Desktop\HTW\Semester 5\Mikroprozessortechnik\Versuche\Versuch_1\Assembler_Uebung\Assembler_Uebung\Assembler.uvproj
Project File Date:  12/05/2019

<h2>Output:</h2>
Build target 'Target 1'
assembling Assembler_Startup.s...
linking...
Program Size: Code=180 RO-data=0 RW-data=0 ZI-data=0  
FromELF: creating hex file...
".\Assembler.axf" - 0 Error(s), 0 Warning(s).
0  
FromELF: creating hex file...
".\Assembler.axf" - 0 Error(s), 1 Warning(s).
 not created
