<html>
<body>
<pre>
<h1>µVision Build Log</h1>
<h2>Project:</h2>
C:\Users\Asus\Desktop\HTW\Semester 5\Mikroprozessortechnik\Versuche\Versuch_2\C_Uebung\C_Uebung.uvproj
Project File Date:  01/31/2018

<h2>Output:</h2>
Build target 'Zielsystem'
compiling C_Uebung.c...
linking...
Program Size: Code=856 RO-data=56 RW-data=0 ZI-data=1256  
".\C_Uebung.axf" - 0 Error(s), 0 Warning(s).
tatic const unsigned long BCD_Zahlen[10] = {
C_Uebung.c: 1 warning, 0 errors
linking...
Program Size: Code=736 RO-data=16 RW-data=0 ZI-data=1256  
".\C_Uebung.axf" - 0 Error(s), 1 Warning(s).

Load "C:\\Users\\Asus\\Desktop\\HTW\\Semester 5\\Mikroprozessortechnik\\Versuche\\Versuch_2\\C_Uebung\\C_Uebung.axf" 
Can not connect to J-Link via USB.
Error: Flash Download failed  -  Target DLL has been cancelled
h_2\C_Uebung\C_Uebung.axf'
Load "C:\\Users\\Asus\\Desktop\\HTW\\Semester 5\\Mikroprozessortechnik\\Versuche\\Versuch_2\\C_Uebung\\C_Uebung.axf" 
_____^
*** error 56: cannot open file
Error: Flash Download failed  -  Could not load file 'C:\Users\Asus\Desktop\HTW\Semester 5\Mikroprozessortechnik\Versuche\Versuch_2\C_Uebung\C_Uebung.axf'
