<html>
<body>
<pre>
<h1>µVision Build Log</h1>
<h2>Project:</h2>
C:\Users\erwin\Projekte\Mikroprozessortechnik\Versuch_2\C_Uebung.uvproj
Project File Date:  01/13/2026

<h2>Output:</h2>
Build target 'Simulator'
compiling C_Uebung.c...
linking...
Program Size: Code=1548 RO-data=112 RW-data=8 ZI-data=1256  
".\C_Uebung.axf" - 0 Error(s), 0 Warning(s).

".\C_Uebung.axf" - 1 Error(s), 0 Warning(s).
Target not created
Error: Could not load file 'C:\Users\erwin\Projekte\Mikroprozessortechnik\Versuch_2\C_Uebung.axf'. Debugger aborted !
