<html>
<body>
<pre>
<h1>µVision Build Log</h1>
<h2>Project:</h2>
C:\Users\Asus\Desktop\HTW\Semester 5\Mikroprozessortechnik\Versuche\Versuch_3\C_Uebung\C_Uebung.uvproj
Project File Date:  01/31/2018

<h2>Output:</h2>
Rebuild target 'Simulator'
assembling Startup.s...
compiling C_Uebung.c...
linking...
Program Size: Code=2260 RO-data=16 RW-data=0 ZI-data=1256  
".\C_Uebung.axf" - 0 Error(s), 0 Warning(s).
 variable "adress" was declared but never referenced
        unsigned long adress;
C_Uebung.c(129): warning:  #177-D: variable "data" was declared but never referenced
        unsigned char data;
C_Uebung.c(130): warning:  #177-D: variable "ptr" was declared but never referenced
        unsigned char *ptr;
C_Uebung.c: 4 warnings, 0 errors
linking...
Program Size: Code=1972 RO-data=16 RW-data=0 ZI-data=1256  
".\C_Uebung.axf" - 0 Error(s), 4 Warning(s).
